[belaltheme.com/html-preview/Razu/index.html]
[backblue.gif]
[fade.gif]
[index.html]
[belaltheme.com/html-preview/Razu/fonts/font-awesome.min.css]
[belaltheme.com/html-preview/Razu/images/favicon.jpg]
[belaltheme.com/html-preview/Razu/fonts/themify-icons.css]
[belaltheme.com/html-preview/Razu/fonts/etline.css]
[belaltheme.com/html-preview/Razu/css/plugins.css]
[belaltheme.com/html-preview/Razu/css/lightbox.min.css]
[belaltheme.com/html-preview/Razu/css/responsive.css]
[belaltheme.com/html-preview/Razu/css/style.css]
[belaltheme.com/html-preview/Razu/index-2.html]
[belaltheme.com/html-preview/Razu/images/about.jpg]
[belaltheme.com/html-preview/Razu/images/portfolio/1.jpg]
[belaltheme.com/html-preview/Razu/images/portfolio/2.jpg]
[belaltheme.com/html-preview/Razu/images/portfolio/3.jpg]
[belaltheme.com/html-preview/Razu/images/portfolio/4.jpg]
[belaltheme.com/html-preview/Razu/images/portfolio/5.jpg]
[belaltheme.com/html-preview/Razu/images/portfolio/6.jpg]
[belaltheme.com/html-preview/Razu/images/blog/1.jpg]
[belaltheme.com/html-preview/Razu/images/blog/2.jpg]
[belaltheme.com/html-preview/Razu/images/blog/3.jpg]
[belaltheme.com/html-preview/Razu/js/jquery.min.js]
[belaltheme.com/html-preview/Razu/js/bootstrap.min.js]
[belaltheme.com/html-preview/Razu/js/owl.carousel.min.js]
[belaltheme.com/html-preview/Razu/js/modernizr-2.8.3.min.js]
[belaltheme.com/html-preview/Razu/js/jquery.nav.js]
[belaltheme.com/html-preview/Razu/js/jquery.inview.min.js]
[belaltheme.com/html-preview/Razu/js/isotope.pkgd.min.js]
[belaltheme.com/html-preview/Razu/js/animated-headline.js]
[belaltheme.com/html-preview/Razu/js/particles.min.js]
[belaltheme.com/html-preview/Razu/js/app.js]
[belaltheme.com/html-preview/Razu/js/jquery.stellar.min.js]
[belaltheme.com/html-preview/Razu/js/lightbox.min.js]
[belaltheme.com/html-preview/Razu/js/scrolltopcontrol.js]
[belaltheme.com/html-preview/Razu/js/wow.min.js]
[belaltheme.com/html-preview/Razu/js/main.js]
[belaltheme.com/html-preview/Razu/index.html]
[belaltheme.com/html-preview/Razu/fonts/fontawesome-webfont3e6e.eot]
[belaltheme.com/html-preview/Razu/fonts/fontawesome-webfont3e6e.woff2]
[belaltheme.com/html-preview/Razu/fonts/fontawesome-webfontd41d.eot]
[belaltheme.com/html-preview/Razu/fonts/fontawesome-webfont3e6e.woff]
[belaltheme.com/html-preview/Razu/fonts/fontawesome-webfont3e6e.ttf]
[belaltheme.com/html-preview/Razu/fonts/font-awesome.min.css]
[belaltheme.com/html-preview/Razu/fonts/themify9f24.eot]
[belaltheme.com/html-preview/Razu/fonts/fontawesome-webfont3e6e.svg]
[belaltheme.com/html-preview/Razu/fonts/themifyd41d.eot]
[belaltheme.com/html-preview/Razu/fonts/themify9f24.woff]
[belaltheme.com/html-preview/Razu/fonts/themify9f24.ttf]
[belaltheme.com/html-preview/Razu/fonts/themify-icons.css]
[belaltheme.com/html-preview/Razu/fonts/themify9f24.svg]
[belaltheme.com/html-preview/Razu/fonts/et-line.eot]
[belaltheme.com/html-preview/Razu/fonts/et-lined41d.eot]
[belaltheme.com/html-preview/Razu/fonts/et-line.woff]
[belaltheme.com/html-preview/Razu/fonts/et-line.ttf]
[belaltheme.com/html-preview/Razu/fonts/etline.css]
[belaltheme.com/html-preview/Razu/fonts/et-line.svg]
[belaltheme.com/html-preview/Razu/css/plugins/bootstrap.min.css]
[belaltheme.com/html-preview/Razu/css/plugins/owl.carousel.min.css]
[belaltheme.com/html-preview/Razu/css/plugins/owl.theme.default.min.css]
[belaltheme.com/html-preview/Razu/css/plugins/animated-headline.css]
[belaltheme.com/html-preview/Razu/css/plugins/normalize.css]
[belaltheme.com/html-preview/Razu/css/plugins.css]
[belaltheme.com/html-preview/Razu/css/plugins/animate.css]
[belaltheme.com/html-preview/Razu/images/loading.gif]
[belaltheme.com/html-preview/Razu/css/lightbox.min.css]
[belaltheme.com/html-preview/Razu/css/responsive.css]
[belaltheme.com/html-preview/Razu/images/banner.jpg]
[belaltheme.com/html-preview/Razu/images/counter.jpg]
[belaltheme.com/html-preview/Razu/css/style.css]
[belaltheme.com/html-preview/Razu/index-2.html]
[belaltheme.com/html-preview/Razu/fonts/fontawesome-webfont3e6e.svg]
[belaltheme.com/html-preview/Razu/fonts/themify9f24.svg]
[belaltheme.com/html-preview/Razu/fonts/et-line.svg]
[belaltheme.com/html-preview/Razu/css/plugins/bootstrap.min.css]
[belaltheme.com/html-preview/Razu/css/plugins/owl.carousel.min.css]
[belaltheme.com/html-preview/Razu/css/plugins/owl.theme.default.min.css]
[belaltheme.com/html-preview/Razu/css/plugins/animated-headline.css]
[belaltheme.com/html-preview/Razu/css/plugins/normalize.css]
[belaltheme.com/html-preview/Razu/css/plugins/animate.css]
[belaltheme.com/html-preview/Razu/css/fonts/glyphicons-halflings-regular.html]
[belaltheme.com/html-preview/Razu/css/fonts/glyphicons-halflings-regulard41d.html]
[belaltheme.com/html-preview/Razu/css/fonts/glyphicons-halflings-regular-2.html]
[belaltheme.com/html-preview/Razu/css/fonts/glyphicons-halflings-regular-3.html]
[belaltheme.com/html-preview/Razu/css/fonts/glyphicons-halflings-regular-4.html]
[belaltheme.com/html-preview/Razu/css/fonts/glyphicons-halflings-regular-5.html]
[belaltheme.com/html-preview/Razu/css/plugins/owl.video.play.html]
